# This is a list of plugins that will be imported into the Ancile release

https://bitbucket.org/ancile_development/ancileplugin_tasks.git
https://bitbucket.org/ancile_development/ancileplugin_services.git

https://bitbucket.org/ancile_development/ancileplugin_internetexplorer.git
https://bitbucket.org/ancile_development/ancileplugin_msaep.git
https://bitbucket.org/ancile_development/ancileplugin_msceip.git
https://bitbucket.org/ancile_development/ancileplugin_msdt.git
https://bitbucket.org/ancile_development/ancileplugin_msskydrive.git
https://bitbucket.org/ancile_development/ancileplugin_msspynet.git
https://bitbucket.org/ancile_development/ancileplugin_mstrs.git
https://bitbucket.org/ancile_development/ancileplugin_mswer.git
https://bitbucket.org/ancile_development/ancileplugin_mswifisense.git
https://bitbucket.org/ancile_development/ancileplugin_mswmc.git
https://bitbucket.org/ancile_development/ancileplugin_networking.git
https://bitbucket.org/ancile_development/ancileplugin_other.git
https://bitbucket.org/ancile_development/ancileplugin_windowsupdate.git

